# name: test_save_option
  <class 'dict'> {
    'saveOption': <class 'dict'> {
      'option': <class 'dict'> {
        'label': 'Bonnie Moreno',
        'slug': 'environmental-ten',
      },
    },
  }
---
